
=======================================  Step 0 · 准备环境 + 训练（很短一段）并加载模型  ========================================
  开始学习 512 步（仅为了得到一个非全随机的策略）。
  训练耗时 0.09s。保存到 /tmp/t03_ppo_cartpole_small.zip。

==================================  Step 1 · 用户：env.reset() 拿到初始 observation  ==================================
   Gymnasium.reset() 返回长度 = 2
   obs_raw                       : ndarray shape=(4,) dtype=float32 value=[0.013696168549358845, -0.023021329194307327, -0.04590264707803726, -0.04834723472595215]
   info_raw                      : {}
   对比 VecEnv ：SB3 内部将 env 包到 DummyVecEnv 后， vec_env.reset() 只返回 observation（形状加了 batch 维度），**没有 info**。
   env.observation_space         : Box([-4.8               -inf -0.41887903        -inf], [4.8               inf 0.41887903        inf], (4,), float32)
   env.action_space              : Discrete(2)

======================  Step 2 · 用户：model.predict(obs_raw) —— 进入 BaseAlgorithm.predict()  ======================

-- 2.1 输入合法性检查（BasePolicy.predict L356-L363） -----------------------------------------------------------------
   ✗ 如果你传入 (obs, info) 这个 tuple，会在这里抛 ValueError：
     "You have passed a tuple to the predict() function..."
   （本例传入单独的 ndarray，因此正常通过。）

-- 2.2 obs_to_tensor()：numpy → torch.Tensor + 判断是否加了 batch 维（BasePolicy.predict L365 + L236） -----------------
   输入 obs_raw                    : ndarray shape=(4,) dtype=float32 value=[0.013696168549358845, -0.023021329194307327, -0.04590264707803726, -0.04834723472595215]
   输出 obs_tensor                 : Tensor shape=(1, 4) dtype=torch.float32 device=cpu value=[[0.013696168549358845, -0.023021329194307327, -0.04590264707803726, -0.04834723472595215]]
   vectorized_env（是否已经是 batch）   : False

-- 2.3 进入 no_grad + _predict()：BasePolicy.predict L367-L368  → ActorCriticPolicy._predict L709 ---------------
   distribution 类型               : 'CategoricalDistribution'
   distribution.get_actions(deterministic=True): Tensor shape=(1,) dtype=torch.int64 device=cpu value=[0]

-- 2.4 tensor → numpy + reshape 回 action_space.shape（BasePolicy.predict L370） --------------------------------
   actions_np（带 batch 维）         : ndarray shape=(1,) dtype=int64 value=[0]

-- 2.5 对 Box 空间的动作再做 clip/unscale（CartPole 是 Discrete，这步跳过）（BasePolicy.predict L372-L379） --------------------
   当前 action_space 类型 = Discrete，因此本步不执行。

-- 2.6 非 vectorized 时 squeeze 掉 batch 维，得到最终动作（BasePolicy.predict L382-L384） ---------------------------------
   final_action（最终返回给用户的值）       : ndarray shape=() dtype=int64 value=0

-- 2.7 实际 model.predict() 调用 —— 对比展开结果 -----------------------------------------------------------------------
   model.predict 返回的 action      : ndarray shape=() dtype=int64 value=0
   ✓ 手动展开结果 == model.predict() API 返回，链路一致。

==============================  Step 3 · 用户：env.step(final_action) —— 环境推进并返回新观察  ==============================
   step() 返回长度 = 5（Gymnasium 标准 5 元组）
   new_obs                       : ndarray shape=(4,) dtype=float32 value=[0.013235742226243019, -0.21745604276657104, -0.04686959087848663, 0.2295069843530655]
   reward                        : 1.0
   terminated                    : False
   truncated                     : False
   step_info                     : {}

==========================================  Step 4 · 调用链清单（按真实执行顺序）  ===========================================
   用户脚本                                      model.predict(obs)                                  model = PPO.load(...) 或 PPO(...).learn(...)
   common/base_class.py:536                  BaseAlgorithm.predict(observation,...)              直接转发到 self.policy.predict(...)
   common/policies.py:331                    BasePolicy.predict(observation,...)                 切 eval，输入检查，obs→tensor，调用 _predict，reshape，squeeze
   common/policies.py:236                    BasePolicy.obs_to_tensor(observation)               ndarray/Dict → 加 batch 维 → 转 torch tensor
   common/policies.py:709                    ActorCriticPolicy._predict(obs_tensor, det)         → self.get_distribution(obs).get_actions(det)
   common/policies.py:743                    ActorCriticPolicy.get_distribution(obs)             extract_features → mlp_extractor.forward_actor → action_net → Categorical
   common/policies.py:122                    BaseModel.extract_features(obs, featex)             preprocess_obs 然后 features_extractor(obs)
   common/distributions.py                   CategoricalDistribution.get_actions(det)            det=True 用 argmax；否则按 logits 采样
   common/policies.py:370                    BasePolicy.predict —— 把 tensor 转 numpy + reshape    Box 空间在此 clip 或 unscale
   common/policies.py:382                    BasePolicy.predict —— 非 vectorized  squeeze(batch)  输出最终 shape=(action_space.shape,)
   用户脚本                                      env.step(action)                                    Gymnasium 标准接口，得到 new_obs, reward, terminated, truncated, info

=========================================  End · T03 predict trace 完成  =========================================
